../Core/Src/main.c:13:5:uart2_write	16	static
../Core/Src/main.c:35:5:main	16	static
../Core/Src/main.c:58:6:SenderTask1	32	static
../Core/Src/main.c:74:6:SenderTask2	32	static
../Core/Src/main.c:89:6:ReceiverTask	32	static
../Core/Src/main.c:110:5:__io_putchar	16	static
../Core/Src/main.c:117:6:SystemClock_Config	88	static
../Core/Src/main.c:165:13:MX_USART2_UART_Init	8	static
../Core/Src/main.c:198:13:MX_GPIO_Init	48	static
../Core/Src/main.c:253:6:HAL_TIM_PeriodElapsedCallback	16	static
../Core/Src/main.c:271:6:Error_Handler	4	static,ignoring_inline_asm
