../Drivers/CMSIS/Include/core_cm4.h:1684:22:__NVIC_EnableIRQ	16	static,ignoring_inline_asm
../Drivers/CMSIS/Include/core_cm4.h:1814:22:__NVIC_SetPriority	16	static
../Core/Src/main.c:26:5:main	16	static
../Core/Src/main.c:55:6:start_rx_interrupt	8	static
../Core/Src/main.c:67:6:HandlerTask	16	static
../Core/Src/main.c:77:6:USART2_IQRHandler	16	static,ignoring_inline_asm
../Core/Src/main.c:94:6:SystemClock_Config	88	static
../Core/Src/main.c:149:13:MX_GPIO_Init	48	static
../Core/Src/main.c:204:6:HAL_TIM_PeriodElapsedCallback	16	static
../Core/Src/main.c:222:6:Error_Handler	4	static,ignoring_inline_asm
