../Core/Src/main.c:13:5:uart2_write	16	static
../Core/Src/main.c:34:5:main	16	static
../Core/Src/main.c:55:6:SenderTask	32	static
../Core/Src/main.c:70:6:ReceiverTask	32	static
../Core/Src/main.c:91:5:__io_putchar	16	static
../Core/Src/main.c:98:6:SystemClock_Config	88	static
../Core/Src/main.c:146:13:MX_USART2_UART_Init	8	static
../Core/Src/main.c:179:13:MX_GPIO_Init	48	static
../Core/Src/main.c:234:6:HAL_TIM_PeriodElapsedCallback	16	static
../Core/Src/main.c:252:6:Error_Handler	4	static,ignoring_inline_asm
