../Core/Src/main.c:13:5:uart2_write	16	static
../Core/Src/main.c:49:5:main	16	static
../Core/Src/main.c:78:6:ReceiverTask	24	static
../Core/Src/main.c:105:6:SenderTask	32	static
../Core/Src/main.c:124:5:__io_putchar	16	static
../Core/Src/main.c:131:6:SystemClock_Config	88	static
../Core/Src/main.c:179:13:MX_USART2_UART_Init	8	static
../Core/Src/main.c:212:13:MX_GPIO_Init	48	static
../Core/Src/main.c:267:6:HAL_TIM_PeriodElapsedCallback	16	static
../Core/Src/main.c:285:6:Error_Handler	4	static,ignoring_inline_asm
