../Core/Src/main.c:13:5:uart2_write	16	static
../Core/Src/main.c:37:5:main	16	static
../Core/Src/main.c:69:6:vSenderTask1	24	static
../Core/Src/main.c:83:6:vSenderTask2	24	static
../Core/Src/main.c:98:6:vReceiverTask	24	static
../Core/Src/main.c:116:5:__io_putchar	16	static
../Core/Src/main.c:123:6:SystemClock_Config	88	static
../Core/Src/main.c:171:13:MX_USART2_UART_Init	8	static
../Core/Src/main.c:204:13:MX_GPIO_Init	48	static
../Core/Src/main.c:259:6:HAL_TIM_PeriodElapsedCallback	16	static
../Core/Src/main.c:277:6:Error_Handler	4	static,ignoring_inline_asm
