../Core/Src/main.c:28:5:main	16	static
../Core/Src/main.c:50:6:vBlueLedControllerTask	16	static
../Core/Src/main.c:59:6:vRedLedControllerTask	16	static
../Core/Src/main.c:68:6:vGreenLedControllerTask	16	static
../Core/Src/main.c:77:6:vApplicationIdleHook	4	static
../Core/Src/main.c:83:5:__io_putchar	16	static
../Core/Src/main.c:90:6:SystemClock_Config	88	static
../Core/Src/main.c:138:13:MX_USART2_UART_Init	8	static
../Core/Src/main.c:171:13:MX_GPIO_Init	48	static
../Core/Src/main.c:226:6:HAL_TIM_PeriodElapsedCallback	16	static
../Core/Src/main.c:244:6:Error_Handler	4	static,ignoring_inline_asm
