../Core/Src/main.c:28:5:main	16	static
../Core/Src/main.c:50:6:vBlueLedControllerTask	16	static
../Core/Src/main.c:59:6:vRedLedControllerTask	16	static
../Core/Src/main.c:67:6:vGreenLedControllerTask	16	static
../Core/Src/main.c:75:6:vApplicationIdleHook	4	static
../Core/Src/main.c:80:5:__io_putchar	16	static
../Core/Src/main.c:87:6:SystemClock_Config	88	static
../Core/Src/main.c:135:13:MX_USART2_UART_Init	8	static
../Core/Src/main.c:168:13:MX_GPIO_Init	48	static
../Core/Src/main.c:223:6:HAL_TIM_PeriodElapsedCallback	16	static
../Core/Src/main.c:241:6:Error_Handler	4	static,ignoring_inline_asm
