../Core/Src/main.c:27:5:main	16	static
../Core/Src/main.c:53:6:redLedControllerTask	16	static
../Core/Src/main.c:61:6:blueLedControllerTask	16	static
../Core/Src/main.c:69:6:yellowLedControllerTask	16	static
../Core/Src/main.c:77:5:uart2_write	16	static
../Core/Src/main.c:88:5:__io_putchar	16	static
../Core/Src/main.c:95:6:SystemClock_Config	88	static
../Core/Src/main.c:143:13:MX_USART2_UART_Init	8	static
../Core/Src/main.c:176:13:MX_GPIO_Init	48	static
../Core/Src/main.c:231:6:HAL_TIM_PeriodElapsedCallback	16	static
../Core/Src/main.c:249:6:Error_Handler	4	static,ignoring_inline_asm
