16:19:52 **** Incremental Build of configuration Debug for project 13_Idle_task ****
make -j7 all 
arm-none-eabi-gcc "../Core/Src/main.c" -mcpu=cortex-m4 -std=gnu11 -g3 -DDEBUG -DUSE_HAL_DRIVER -DSTM32F446xx -c -I../Core/Inc -I../Drivers/STM32F4xx_HAL_Driver/Inc -I../Drivers/STM32F4xx_HAL_Driver/Inc/Legacy -I../Drivers/CMSIS/Device/ST/STM32F4xx/Include -I../Drivers/CMSIS/Include -I../Middlewares/Third_Party/FreeRTOS/Source/include -I../Middlewares/Third_Party/FreeRTOS/Source/CMSIS_RTOS_V2 -I../Middlewares/Third_Party/FreeRTOS/Source/portable/GCC/ARM_CM4F -O0 -ffunction-sections -fdata-sections -Wall -fstack-usage -fcyclomatic-complexity -MMD -MP -MF"Core/Src/main.d" -MT"Core/Src/main.o" --specs=nano.specs -mfpu=fpv4-sp-d16 -mfloat-abi=hard -mthumb -o "Core/Src/main.o"
arm-none-eabi-gcc -o "13_Idle_task.elf" @"objects.list"   -mcpu=cortex-m4 -T"/Users/sheen/Documents/stm32FreeRTOS/FreeRTOS/13_Idle_task/STM32F446RETX_FLASH.ld" --specs=nosys.specs -Wl,-Map="13_Idle_task.map" -Wl,--gc-sections -static --specs=nano.specs -mfpu=fpv4-sp-d16 -mfloat-abi=hard -mthumb -Wl,--start-group -lc -lm -Wl,--end-group
Finished building target: 13_Idle_task.elf
 
arm-none-eabi-size  13_Idle_task.elf 
arm-none-eabi-objdump -h -S 13_Idle_task.elf  > "13_Idle_task.list"
   text	   data	    bss	    dec	    hex	filename
  20968	     16	  20504	  41488	   a210	13_Idle_task.elf
Finished building: default.size.stdout
 
Finished building: 13_Idle_task.list
 

16:19:52 Build Finished. 0 errors, 0 warnings. (took 694ms)

