22:27:51 **** Incremental Build of configuration Debug for project 4_Task_Priority ****
make -j7 all 
arm-none-eabi-gcc "../Core/Src/main.c" -mcpu=cortex-m4 -std=gnu11 -g3 -DDEBUG -DUSE_HAL_DRIVER -DSTM32F446xx -c -I../Core/Inc -I../Drivers/STM32F4xx_HAL_Driver/Inc -I../Drivers/STM32F4xx_HAL_Driver/Inc/Legacy -I../Drivers/CMSIS/Device/ST/STM32F4xx/Include -I../Drivers/CMSIS/Include -I../Middlewares/Third_Party/FreeRTOS/Source/include -I../Middlewares/Third_Party/FreeRTOS/Source/CMSIS_RTOS_V2 -I../Middlewares/Third_Party/FreeRTOS/Source/portable/GCC/ARM_CM4F -O0 -ffunction-sections -fdata-sections -Wall -fstack-usage -fcyclomatic-complexity -MMD -MP -MF"Core/Src/main.d" -MT"Core/Src/main.o" --specs=nano.specs -mfpu=fpv4-sp-d16 -mfloat-abi=hard -mthumb -o "Core/Src/main.o"
arm-none-eabi-gcc -o "4_Task_Priority.elf" @"objects.list"   -mcpu=cortex-m4 -T"/Users/sheen/Documents/stm32FreeRTOS/FreeRTOS/4_Task_Priority/STM32F446RETX_FLASH.ld" --specs=nosys.specs -Wl,-Map="4_Task_Priority.map" -Wl,--gc-sections -static --specs=nano.specs -mfpu=fpv4-sp-d16 -mfloat-abi=hard -mthumb -Wl,--start-group -lc -lm -Wl,--end-group
Finished building target: 4_Task_Priority.elf
 
arm-none-eabi-size  4_Task_Priority.elf 
arm-none-eabi-objdump -h -S 4_Task_Priority.elf  > "4_Task_Priority.list"
   text	   data	    bss	    dec	    hex	filename
  21144	     16	  20504	  41664	   a2c0	4_Task_Priority.elf
Finished building: default.size.stdout
 
Finished building: 4_Task_Priority.list
 

22:27:51 Build Finished. 0 errors, 0 warnings. (took 976ms)

